<testsuites id="" name="" tests="2" failures="0" skipped="0" errors="0" time="6.533633">
<testsuite name="example.spec.ts" timestamp="2025-11-27T07:05:01.868Z" hostname="chromium" tests="2" failures="0" skipped="0" time="6.161" errors="0">
<testcase name="has title" classname="example.spec.ts" time="4.883">
</testcase>
<testcase name="get started link" classname="example.spec.ts" time="1.278">
</testcase>
</testsuite>
</testsuites>